-- TEST BEGIN
0000: (Cs - Cs) * As + Cs
  src: ffff00ff, dst: ff00ff00, fix: ff => 00ff00ff
  src: 80ff00ff, dst: 8000ff00, fix: 80 => 00ff00ff
  src: 40ff00ff, dst: 4000ff00, fix: 40 => 00ff00ff
  src: ff402040, dst: ff204020, fix: ff => 00402040
  src: 80402040, dst: 80204020, fix: 80 => 00402040
  src: 40402040, dst: 40204020, fix: 40 => 00402040
0001: (Cs - Cs) * As + Cd
  src: ffff00ff, dst: ff00ff00, fix: ff => 0000ff00
  src: 80ff00ff, dst: 8000ff00, fix: 80 => 0000ff00
  src: 40ff00ff, dst: 4000ff00, fix: 40 => 0000ff00
  src: ff402040, dst: ff204020, fix: ff => 00204020
  src: 80402040, dst: 80204020, fix: 80 => 00204020
  src: 40402040, dst: 40204020, fix: 40 => 00204020
0002: (Cs - Cs) * As + 0
  src: ffff00ff, dst: ff00ff00, fix: ff => 00000000
  src: 80ff00ff, dst: 8000ff00, fix: 80 => 00000000
  src: 40ff00ff, dst: 4000ff00, fix: 40 => 00000000
  src: ff402040, dst: ff204020, fix: ff => 00000000
  src: 80402040, dst: 80204020, fix: 80 => 00000000
  src: 40402040, dst: 40204020, fix: 40 => 00000000
0010: (Cs - Cs) * Ad + Cs
  src: ffff00ff, dst: ff00ff00, fix: ff => 00ff00ff
  src: 80ff00ff, dst: 8000ff00, fix: 80 => 00ff00ff
  src: 40ff00ff, dst: 4000ff00, fix: 40 => 00ff00ff
  src: ff402040, dst: ff204020, fix: ff => 00402040
  src: 80402040, dst: 80204020, fix: 80 => 00402040
  src: 40402040, dst: 40204020, fix: 40 => 00402040
0011: (Cs - Cs) * Ad + Cd
  src: ffff00ff, dst: ff00ff00, fix: ff => 0000ff00
  src: 80ff00ff, dst: 8000ff00, fix: 80 => 0000ff00
  src: 40ff00ff, dst: 4000ff00, fix: 40 => 0000ff00
  src: ff402040, dst: ff204020, fix: ff => 00204020
  src: 80402040, dst: 80204020, fix: 80 => 00204020
  src: 40402040, dst: 40204020, fix: 40 => 00204020
0012: (Cs - Cs) * Ad + 0
  src: ffff00ff, dst: ff00ff00, fix: ff => 00000000
  src: 80ff00ff, dst: 8000ff00, fix: 80 => 00000000
  src: 40ff00ff, dst: 4000ff00, fix: 40 => 00000000
  src: ff402040, dst: ff204020, fix: ff => 00000000
  src: 80402040, dst: 80204020, fix: 80 => 00000000
  src: 40402040, dst: 40204020, fix: 40 => 00000000
0020: (Cs - Cs) * FIX + Cs
  src: ffff00ff, dst: ff00ff00, fix: ff => 00ff00ff
  src: 80ff00ff, dst: 8000ff00, fix: 80 => 00ff00ff
  src: 40ff00ff, dst: 4000ff00, fix: 40 => 00ff00ff
  src: ff402040, dst: ff204020, fix: ff => 00402040
  src: 80402040, dst: 80204020, fix: 80 => 00402040
  src: 40402040, dst: 40204020, fix: 40 => 00402040
0021: (Cs - Cs) * FIX + Cd
  src: ffff00ff, dst: ff00ff00, fix: ff => 0000ff00
  src: 80ff00ff, dst: 8000ff00, fix: 80 => 0000ff00
  src: 40ff00ff, dst: 4000ff00, fix: 40 => 0000ff00
  src: ff402040, dst: ff204020, fix: ff => 00204020
  src: 80402040, dst: 80204020, fix: 80 => 00204020
  src: 40402040, dst: 40204020, fix: 40 => 00204020
0022: (Cs - Cs) * FIX + 0
  src: ffff00ff, dst: ff00ff00, fix: ff => 00000000
  src: 80ff00ff, dst: 8000ff00, fix: 80 => 00000000
  src: 40ff00ff, dst: 4000ff00, fix: 40 => 00000000
  src: ff402040, dst: ff204020, fix: ff => 00000000
  src: 80402040, dst: 80204020, fix: 80 => 00000000
  src: 40402040, dst: 40204020, fix: 40 => 00000000
0100: (Cs - Cd) * As + Cs
  src: ffff00ff, dst: ff00ff00, fix: ff => 00ff00ff
  src: 80ff00ff, dst: 8000ff00, fix: 80 => 00ff00ff
  src: 40ff00ff, dst: 4000ff00, fix: 40 => 00ff00ff
  src: ff402040, dst: ff204020, fix: ff => 007f007f
  src: 80402040, dst: 80204020, fix: 80 => 00600060
  src: 40402040, dst: 40204020, fix: 40 => 00501050
0101: (Cs - Cd) * As + Cd
  src: ffff00ff, dst: ff00ff00, fix: ff => 00ff00ff
  src: 80ff00ff, dst: 8000ff00, fix: 80 => 00ff00ff
  src: 40ff00ff, dst: 4000ff00, fix: 40 => 007f7f7f
  src: ff402040, dst: ff204020, fix: ff => 005f005f
  src: 80402040, dst: 80204020, fix: 80 => 00402040
  src: 40402040, dst: 40204020, fix: 40 => 00303030
0102: (Cs - Cd) * As + 0
  src: ffff00ff, dst: ff00ff00, fix: ff => 00ff00ff
  src: 80ff00ff, dst: 8000ff00, fix: 80 => 00ff00ff
  src: 40ff00ff, dst: 4000ff00, fix: 40 => 007f007f
  src: ff402040, dst: ff204020, fix: ff => 003f003f
  src: 80402040, dst: 80204020, fix: 80 => 00200020
  src: 40402040, dst: 40204020, fix: 40 => 00100010
0110: (Cs - Cd) * Ad + Cs
  src: ffff00ff, dst: ff00ff00, fix: ff => 00ff00ff
  src: 80ff00ff, dst: 8000ff00, fix: 80 => 00ff00ff
  src: 40ff00ff, dst: 4000ff00, fix: 40 => 00ff00ff
  src: ff402040, dst: ff204020, fix: ff => 007f007f
  src: 80402040, dst: 80204020, fix: 80 => 00600060
  src: 40402040, dst: 40204020, fix: 40 => 00501050
0111: (Cs - Cd) * Ad + Cd
  src: ffff00ff, dst: ff00ff00, fix: ff => 00ff00ff
  src: 80ff00ff, dst: 8000ff00, fix: 80 => 00ff00ff
  src: 40ff00ff, dst: 4000ff00, fix: 40 => 007f7f7f
  src: ff402040, dst: ff204020, fix: ff => 005f005f
  src: 80402040, dst: 80204020, fix: 80 => 00402040
  src: 40402040, dst: 40204020, fix: 40 => 00303030
0112: (Cs - Cd) * Ad + 0
  src: ffff00ff, dst: ff00ff00, fix: ff => 00ff00ff
  src: 80ff00ff, dst: 8000ff00, fix: 80 => 00ff00ff
  src: 40ff00ff, dst: 4000ff00, fix: 40 => 007f007f
  src: ff402040, dst: ff204020, fix: ff => 003f003f
  src: 80402040, dst: 80204020, fix: 80 => 00200020
  src: 40402040, dst: 40204020, fix: 40 => 00100010
0120: (Cs - Cd) * FIX + Cs
  src: ffff00ff, dst: ff00ff00, fix: ff => 00ff00ff
  src: 80ff00ff, dst: 8000ff00, fix: 80 => 00ff00ff
  src: 40ff00ff, dst: 4000ff00, fix: 40 => 00ff00ff
  src: ff402040, dst: ff204020, fix: ff => 007f007f
  src: 80402040, dst: 80204020, fix: 80 => 00600060
  src: 40402040, dst: 40204020, fix: 40 => 00501050
0121: (Cs - Cd) * FIX + Cd
  src: ffff00ff, dst: ff00ff00, fix: ff => 00ff00ff
  src: 80ff00ff, dst: 8000ff00, fix: 80 => 00ff00ff
  src: 40ff00ff, dst: 4000ff00, fix: 40 => 007f7f7f
  src: ff402040, dst: ff204020, fix: ff => 005f005f
  src: 80402040, dst: 80204020, fix: 80 => 00402040
  src: 40402040, dst: 40204020, fix: 40 => 00303030
0122: (Cs - Cd) * FIX + 0
  src: ffff00ff, dst: ff00ff00, fix: ff => 00ff00ff
  src: 80ff00ff, dst: 8000ff00, fix: 80 => 00ff00ff
  src: 40ff00ff, dst: 4000ff00, fix: 40 => 007f007f
  src: ff402040, dst: ff204020, fix: ff => 003f003f
  src: 80402040, dst: 80204020, fix: 80 => 00200020
  src: 40402040, dst: 40204020, fix: 40 => 00100010
0200: (Cs - 0) * As + Cs
  src: ffff00ff, dst: ff00ff00, fix: ff => 00ff00ff
  src: 80ff00ff, dst: 8000ff00, fix: 80 => 00ff00ff
  src: 40ff00ff, dst: 4000ff00, fix: 40 => 00ff00ff
  src: ff402040, dst: ff204020, fix: ff => 00bf5fbf
  src: 80402040, dst: 80204020, fix: 80 => 00804080
  src: 40402040, dst: 40204020, fix: 40 => 00603060
0201: (Cs - 0) * As + Cd
  src: ffff00ff, dst: ff00ff00, fix: ff => 00ffffff
  src: 80ff00ff, dst: 8000ff00, fix: 80 => 00ffffff
  src: 40ff00ff, dst: 4000ff00, fix: 40 => 007fff7f
  src: ff402040, dst: ff204020, fix: ff => 009f7f9f
  src: 80402040, dst: 80204020, fix: 80 => 00606060
  src: 40402040, dst: 40204020, fix: 40 => 00405040
0202: (Cs - 0) * As + 0
  src: ffff00ff, dst: ff00ff00, fix: ff => 00ff00ff
  src: 80ff00ff, dst: 8000ff00, fix: 80 => 00ff00ff
  src: 40ff00ff, dst: 4000ff00, fix: 40 => 007f007f
  src: ff402040, dst: ff204020, fix: ff => 007f3f7f
  src: 80402040, dst: 80204020, fix: 80 => 00402040
  src: 40402040, dst: 40204020, fix: 40 => 00201020
0210: (Cs - 0) * Ad + Cs
  src: ffff00ff, dst: ff00ff00, fix: ff => 00ff00ff
  src: 80ff00ff, dst: 8000ff00, fix: 80 => 00ff00ff
  src: 40ff00ff, dst: 4000ff00, fix: 40 => 00ff00ff
  src: ff402040, dst: ff204020, fix: ff => 00bf5fbf
  src: 80402040, dst: 80204020, fix: 80 => 00804080
  src: 40402040, dst: 40204020, fix: 40 => 00603060
0211: (Cs - 0) * Ad + Cd
  src: ffff00ff, dst: ff00ff00, fix: ff => 00ffffff
  src: 80ff00ff, dst: 8000ff00, fix: 80 => 00ffffff
  src: 40ff00ff, dst: 4000ff00, fix: 40 => 007fff7f
  src: ff402040, dst: ff204020, fix: ff => 009f7f9f
  src: 80402040, dst: 80204020, fix: 80 => 00606060
  src: 40402040, dst: 40204020, fix: 40 => 00405040
0212: (Cs - 0) * Ad + 0
  src: ffff00ff, dst: ff00ff00, fix: ff => 00ff00ff
  src: 80ff00ff, dst: 8000ff00, fix: 80 => 00ff00ff
  src: 40ff00ff, dst: 4000ff00, fix: 40 => 007f007f
  src: ff402040, dst: ff204020, fix: ff => 007f3f7f
  src: 80402040, dst: 80204020, fix: 80 => 00402040
  src: 40402040, dst: 40204020, fix: 40 => 00201020
0220: (Cs - 0) * FIX + Cs
  src: ffff00ff, dst: ff00ff00, fix: ff => 00ff00ff
  src: 80ff00ff, dst: 8000ff00, fix: 80 => 00ff00ff
  src: 40ff00ff, dst: 4000ff00, fix: 40 => 00ff00ff
  src: ff402040, dst: ff204020, fix: ff => 00bf5fbf
  src: 80402040, dst: 80204020, fix: 80 => 00804080
  src: 40402040, dst: 40204020, fix: 40 => 00603060
0221: (Cs - 0) * FIX + Cd
  src: ffff00ff, dst: ff00ff00, fix: ff => 00ffffff
  src: 80ff00ff, dst: 8000ff00, fix: 80 => 00ffffff
  src: 40ff00ff, dst: 4000ff00, fix: 40 => 007fff7f
  src: ff402040, dst: ff204020, fix: ff => 009f7f9f
  src: 80402040, dst: 80204020, fix: 80 => 00606060
  src: 40402040, dst: 40204020, fix: 40 => 00405040
0222: (Cs - 0) * FIX + 0
  src: ffff00ff, dst: ff00ff00, fix: ff => 00ff00ff
  src: 80ff00ff, dst: 8000ff00, fix: 80 => 00ff00ff
  src: 40ff00ff, dst: 4000ff00, fix: 40 => 007f007f
  src: ff402040, dst: ff204020, fix: ff => 007f3f7f
  src: 80402040, dst: 80204020, fix: 80 => 00402040
  src: 40402040, dst: 40204020, fix: 40 => 00201020
1000: (Cd - Cs) * As + Cs
  src: ffff00ff, dst: ff00ff00, fix: ff => 0000ff00
  src: 80ff00ff, dst: 8000ff00, fix: 80 => 0000ff00
  src: 40ff00ff, dst: 4000ff00, fix: 40 => 007f7f7f
  src: ff402040, dst: ff204020, fix: ff => 00005f00
  src: 80402040, dst: 80204020, fix: 80 => 00204020
  src: 40402040, dst: 40204020, fix: 40 => 00303030
1001: (Cd - Cs) * As + Cd
  src: ffff00ff, dst: ff00ff00, fix: ff => 0000ff00
  src: 80ff00ff, dst: 8000ff00, fix: 80 => 0000ff00
  src: 40ff00ff, dst: 4000ff00, fix: 40 => 0000ff00
  src: ff402040, dst: ff204020, fix: ff => 00007f00
  src: 80402040, dst: 80204020, fix: 80 => 00006000
  src: 40402040, dst: 40204020, fix: 40 => 00105010
1002: (Cd - Cs) * As + 0
  src: ffff00ff, dst: ff00ff00, fix: ff => 0000ff00
  src: 80ff00ff, dst: 8000ff00, fix: 80 => 0000ff00
  src: 40ff00ff, dst: 4000ff00, fix: 40 => 00007f00
  src: ff402040, dst: ff204020, fix: ff => 00003f00
  src: 80402040, dst: 80204020, fix: 80 => 00002000
  src: 40402040, dst: 40204020, fix: 40 => 00001000
1010: (Cd - Cs) * Ad + Cs
  src: ffff00ff, dst: ff00ff00, fix: ff => 0000ff00
  src: 80ff00ff, dst: 8000ff00, fix: 80 => 0000ff00
  src: 40ff00ff, dst: 4000ff00, fix: 40 => 007f7f7f
  src: ff402040, dst: ff204020, fix: ff => 00005f00
  src: 80402040, dst: 80204020, fix: 80 => 00204020
  src: 40402040, dst: 40204020, fix: 40 => 00303030
1011: (Cd - Cs) * Ad + Cd
  src: ffff00ff, dst: ff00ff00, fix: ff => 0000ff00
  src: 80ff00ff, dst: 8000ff00, fix: 80 => 0000ff00
  src: 40ff00ff, dst: 4000ff00, fix: 40 => 0000ff00
  src: ff402040, dst: ff204020, fix: ff => 00007f00
  src: 80402040, dst: 80204020, fix: 80 => 00006000
  src: 40402040, dst: 40204020, fix: 40 => 00105010
1012: (Cd - Cs) * Ad + 0
  src: ffff00ff, dst: ff00ff00, fix: ff => 0000ff00
  src: 80ff00ff, dst: 8000ff00, fix: 80 => 0000ff00
  src: 40ff00ff, dst: 4000ff00, fix: 40 => 00007f00
  src: ff402040, dst: ff204020, fix: ff => 00003f00
  src: 80402040, dst: 80204020, fix: 80 => 00002000
  src: 40402040, dst: 40204020, fix: 40 => 00001000
1020: (Cd - Cs) * FIX + Cs
  src: ffff00ff, dst: ff00ff00, fix: ff => 0000ff00
  src: 80ff00ff, dst: 8000ff00, fix: 80 => 0000ff00
  src: 40ff00ff, dst: 4000ff00, fix: 40 => 007f7f7f
  src: ff402040, dst: ff204020, fix: ff => 00005f00
  src: 80402040, dst: 80204020, fix: 80 => 00204020
  src: 40402040, dst: 40204020, fix: 40 => 00303030
1021: (Cd - Cs) * FIX + Cd
  src: ffff00ff, dst: ff00ff00, fix: ff => 0000ff00
  src: 80ff00ff, dst: 8000ff00, fix: 80 => 0000ff00
  src: 40ff00ff, dst: 4000ff00, fix: 40 => 0000ff00
  src: ff402040, dst: ff204020, fix: ff => 00007f00
  src: 80402040, dst: 80204020, fix: 80 => 00006000
  src: 40402040, dst: 40204020, fix: 40 => 00105010
1022: (Cd - Cs) * FIX + 0
  src: ffff00ff, dst: ff00ff00, fix: ff => 0000ff00
  src: 80ff00ff, dst: 8000ff00, fix: 80 => 0000ff00
  src: 40ff00ff, dst: 4000ff00, fix: 40 => 00007f00
  src: ff402040, dst: ff204020, fix: ff => 00003f00
  src: 80402040, dst: 80204020, fix: 80 => 00002000
  src: 40402040, dst: 40204020, fix: 40 => 00001000
1100: (Cd - Cd) * As + Cs
  src: ffff00ff, dst: ff00ff00, fix: ff => 00ff00ff
  src: 80ff00ff, dst: 8000ff00, fix: 80 => 00ff00ff
  src: 40ff00ff, dst: 4000ff00, fix: 40 => 00ff00ff
  src: ff402040, dst: ff204020, fix: ff => 00402040
  src: 80402040, dst: 80204020, fix: 80 => 00402040
  src: 40402040, dst: 40204020, fix: 40 => 00402040
1101: (Cd - Cd) * As + Cd
  src: ffff00ff, dst: ff00ff00, fix: ff => 0000ff00
  src: 80ff00ff, dst: 8000ff00, fix: 80 => 0000ff00
  src: 40ff00ff, dst: 4000ff00, fix: 40 => 0000ff00
  src: ff402040, dst: ff204020, fix: ff => 00204020
  src: 80402040, dst: 80204020, fix: 80 => 00204020
  src: 40402040, dst: 40204020, fix: 40 => 00204020
1102: (Cd - Cd) * As + 0
  src: ffff00ff, dst: ff00ff00, fix: ff => 00000000
  src: 80ff00ff, dst: 8000ff00, fix: 80 => 00000000
  src: 40ff00ff, dst: 4000ff00, fix: 40 => 00000000
  src: ff402040, dst: ff204020, fix: ff => 00000000
  src: 80402040, dst: 80204020, fix: 80 => 00000000
  src: 40402040, dst: 40204020, fix: 40 => 00000000
1110: (Cd - Cd) * Ad + Cs
  src: ffff00ff, dst: ff00ff00, fix: ff => 00ff00ff
  src: 80ff00ff, dst: 8000ff00, fix: 80 => 00ff00ff
  src: 40ff00ff, dst: 4000ff00, fix: 40 => 00ff00ff
  src: ff402040, dst: ff204020, fix: ff => 00402040
  src: 80402040, dst: 80204020, fix: 80 => 00402040
  src: 40402040, dst: 40204020, fix: 40 => 00402040
1111: (Cd - Cd) * Ad + Cd
  src: ffff00ff, dst: ff00ff00, fix: ff => 0000ff00
  src: 80ff00ff, dst: 8000ff00, fix: 80 => 0000ff00
  src: 40ff00ff, dst: 4000ff00, fix: 40 => 0000ff00
  src: ff402040, dst: ff204020, fix: ff => 00204020
  src: 80402040, dst: 80204020, fix: 80 => 00204020
  src: 40402040, dst: 40204020, fix: 40 => 00204020
1112: (Cd - Cd) * Ad + 0
  src: ffff00ff, dst: ff00ff00, fix: ff => 00000000
  src: 80ff00ff, dst: 8000ff00, fix: 80 => 00000000
  src: 40ff00ff, dst: 4000ff00, fix: 40 => 00000000
  src: ff402040, dst: ff204020, fix: ff => 00000000
  src: 80402040, dst: 80204020, fix: 80 => 00000000
  src: 40402040, dst: 40204020, fix: 40 => 00000000
1120: (Cd - Cd) * FIX + Cs
  src: ffff00ff, dst: ff00ff00, fix: ff => 00ff00ff
  src: 80ff00ff, dst: 8000ff00, fix: 80 => 00ff00ff
  src: 40ff00ff, dst: 4000ff00, fix: 40 => 00ff00ff
  src: ff402040, dst: ff204020, fix: ff => 00402040
  src: 80402040, dst: 80204020, fix: 80 => 00402040
  src: 40402040, dst: 40204020, fix: 40 => 00402040
1121: (Cd - Cd) * FIX + Cd
  src: ffff00ff, dst: ff00ff00, fix: ff => 0000ff00
  src: 80ff00ff, dst: 8000ff00, fix: 80 => 0000ff00
  src: 40ff00ff, dst: 4000ff00, fix: 40 => 0000ff00
  src: ff402040, dst: ff204020, fix: ff => 00204020
  src: 80402040, dst: 80204020, fix: 80 => 00204020
  src: 40402040, dst: 40204020, fix: 40 => 00204020
1122: (Cd - Cd) * FIX + 0
  src: ffff00ff, dst: ff00ff00, fix: ff => 00000000
  src: 80ff00ff, dst: 8000ff00, fix: 80 => 00000000
  src: 40ff00ff, dst: 4000ff00, fix: 40 => 00000000
  src: ff402040, dst: ff204020, fix: ff => 00000000
  src: 80402040, dst: 80204020, fix: 80 => 00000000
  src: 40402040, dst: 40204020, fix: 40 => 00000000
1200: (Cd - 0) * As + Cs
  src: ffff00ff, dst: ff00ff00, fix: ff => 00ffffff
  src: 80ff00ff, dst: 8000ff00, fix: 80 => 00ffffff
  src: 40ff00ff, dst: 4000ff00, fix: 40 => 00ff7fff
  src: ff402040, dst: ff204020, fix: ff => 007f9f7f
  src: 80402040, dst: 80204020, fix: 80 => 00606060
  src: 40402040, dst: 40204020, fix: 40 => 00504050
1201: (Cd - 0) * As + Cd
  src: ffff00ff, dst: ff00ff00, fix: ff => 0000ff00
  src: 80ff00ff, dst: 8000ff00, fix: 80 => 0000ff00
  src: 40ff00ff, dst: 4000ff00, fix: 40 => 0000ff00
  src: ff402040, dst: ff204020, fix: ff => 005fbf5f
  src: 80402040, dst: 80204020, fix: 80 => 00408040
  src: 40402040, dst: 40204020, fix: 40 => 00306030
1202: (Cd - 0) * As + 0
  src: ffff00ff, dst: ff00ff00, fix: ff => 0000ff00
  src: 80ff00ff, dst: 8000ff00, fix: 80 => 0000ff00
  src: 40ff00ff, dst: 4000ff00, fix: 40 => 00007f00
  src: ff402040, dst: ff204020, fix: ff => 003f7f3f
  src: 80402040, dst: 80204020, fix: 80 => 00204020
  src: 40402040, dst: 40204020, fix: 40 => 00102010
1210: (Cd - 0) * Ad + Cs
  src: ffff00ff, dst: ff00ff00, fix: ff => 00ffffff
  src: 80ff00ff, dst: 8000ff00, fix: 80 => 00ffffff
  src: 40ff00ff, dst: 4000ff00, fix: 40 => 00ff7fff
  src: ff402040, dst: ff204020, fix: ff => 007f9f7f
  src: 80402040, dst: 80204020, fix: 80 => 00606060
  src: 40402040, dst: 40204020, fix: 40 => 00504050
1211: (Cd - 0) * Ad + Cd
  src: ffff00ff, dst: ff00ff00, fix: ff => 0000ff00
  src: 80ff00ff, dst: 8000ff00, fix: 80 => 0000ff00
  src: 40ff00ff, dst: 4000ff00, fix: 40 => 0000ff00
  src: ff402040, dst: ff204020, fix: ff => 005fbf5f
  src: 80402040, dst: 80204020, fix: 80 => 00408040
  src: 40402040, dst: 40204020, fix: 40 => 00306030
1212: (Cd - 0) * Ad + 0
  src: ffff00ff, dst: ff00ff00, fix: ff => 0000ff00
  src: 80ff00ff, dst: 8000ff00, fix: 80 => 0000ff00
  src: 40ff00ff, dst: 4000ff00, fix: 40 => 00007f00
  src: ff402040, dst: ff204020, fix: ff => 003f7f3f
  src: 80402040, dst: 80204020, fix: 80 => 00204020
  src: 40402040, dst: 40204020, fix: 40 => 00102010
1220: (Cd - 0) * FIX + Cs
  src: ffff00ff, dst: ff00ff00, fix: ff => 00ffffff
  src: 80ff00ff, dst: 8000ff00, fix: 80 => 00ffffff
  src: 40ff00ff, dst: 4000ff00, fix: 40 => 00ff7fff
  src: ff402040, dst: ff204020, fix: ff => 007f9f7f
  src: 80402040, dst: 80204020, fix: 80 => 00606060
  src: 40402040, dst: 40204020, fix: 40 => 00504050
1221: (Cd - 0) * FIX + Cd
  src: ffff00ff, dst: ff00ff00, fix: ff => 0000ff00
  src: 80ff00ff, dst: 8000ff00, fix: 80 => 0000ff00
  src: 40ff00ff, dst: 4000ff00, fix: 40 => 0000ff00
  src: ff402040, dst: ff204020, fix: ff => 005fbf5f
  src: 80402040, dst: 80204020, fix: 80 => 00408040
  src: 40402040, dst: 40204020, fix: 40 => 00306030
1222: (Cd - 0) * FIX + 0
  src: ffff00ff, dst: ff00ff00, fix: ff => 0000ff00
  src: 80ff00ff, dst: 8000ff00, fix: 80 => 0000ff00
  src: 40ff00ff, dst: 4000ff00, fix: 40 => 00007f00
  src: ff402040, dst: ff204020, fix: ff => 003f7f3f
  src: 80402040, dst: 80204020, fix: 80 => 00204020
  src: 40402040, dst: 40204020, fix: 40 => 00102010
2000: (0 - Cs) * As + Cs
  src: ffff00ff, dst: ff00ff00, fix: ff => 00000000
  src: 80ff00ff, dst: 8000ff00, fix: 80 => 00000000
  src: 40ff00ff, dst: 4000ff00, fix: 40 => 007f007f
  src: ff402040, dst: ff204020, fix: ff => 00000000
  src: 80402040, dst: 80204020, fix: 80 => 00000000
  src: 40402040, dst: 40204020, fix: 40 => 00201020
2001: (0 - Cs) * As + Cd
  src: ffff00ff, dst: ff00ff00, fix: ff => 0000ff00
  src: 80ff00ff, dst: 8000ff00, fix: 80 => 0000ff00
  src: 40ff00ff, dst: 4000ff00, fix: 40 => 0000ff00
  src: ff402040, dst: ff204020, fix: ff => 00000000
  src: 80402040, dst: 80204020, fix: 80 => 00002000
  src: 40402040, dst: 40204020, fix: 40 => 00003000
2002: (0 - Cs) * As + 0
  src: ffff00ff, dst: ff00ff00, fix: ff => 00000000
  src: 80ff00ff, dst: 8000ff00, fix: 80 => 00000000
  src: 40ff00ff, dst: 4000ff00, fix: 40 => 00000000
  src: ff402040, dst: ff204020, fix: ff => 00000000
  src: 80402040, dst: 80204020, fix: 80 => 00000000
  src: 40402040, dst: 40204020, fix: 40 => 00000000
2010: (0 - Cs) * Ad + Cs
  src: ffff00ff, dst: ff00ff00, fix: ff => 00000000
  src: 80ff00ff, dst: 8000ff00, fix: 80 => 00000000
  src: 40ff00ff, dst: 4000ff00, fix: 40 => 007f007f
  src: ff402040, dst: ff204020, fix: ff => 00000000
  src: 80402040, dst: 80204020, fix: 80 => 00000000
  src: 40402040, dst: 40204020, fix: 40 => 00201020
2011: (0 - Cs) * Ad + Cd
  src: ffff00ff, dst: ff00ff00, fix: ff => 0000ff00
  src: 80ff00ff, dst: 8000ff00, fix: 80 => 0000ff00
  src: 40ff00ff, dst: 4000ff00, fix: 40 => 0000ff00
  src: ff402040, dst: ff204020, fix: ff => 00000000
  src: 80402040, dst: 80204020, fix: 80 => 00002000
  src: 40402040, dst: 40204020, fix: 40 => 00003000
2012: (0 - Cs) * Ad + 0
  src: ffff00ff, dst: ff00ff00, fix: ff => 00000000
  src: 80ff00ff, dst: 8000ff00, fix: 80 => 00000000
  src: 40ff00ff, dst: 4000ff00, fix: 40 => 00000000
  src: ff402040, dst: ff204020, fix: ff => 00000000
  src: 80402040, dst: 80204020, fix: 80 => 00000000
  src: 40402040, dst: 40204020, fix: 40 => 00000000
2020: (0 - Cs) * FIX + Cs
  src: ffff00ff, dst: ff00ff00, fix: ff => 00000000
  src: 80ff00ff, dst: 8000ff00, fix: 80 => 00000000
  src: 40ff00ff, dst: 4000ff00, fix: 40 => 007f007f
  src: ff402040, dst: ff204020, fix: ff => 00000000
  src: 80402040, dst: 80204020, fix: 80 => 00000000
  src: 40402040, dst: 40204020, fix: 40 => 00201020
2021: (0 - Cs) * FIX + Cd
  src: ffff00ff, dst: ff00ff00, fix: ff => 0000ff00
  src: 80ff00ff, dst: 8000ff00, fix: 80 => 0000ff00
  src: 40ff00ff, dst: 4000ff00, fix: 40 => 0000ff00
  src: ff402040, dst: ff204020, fix: ff => 00000000
  src: 80402040, dst: 80204020, fix: 80 => 00002000
  src: 40402040, dst: 40204020, fix: 40 => 00003000
2022: (0 - Cs) * FIX + 0
  src: ffff00ff, dst: ff00ff00, fix: ff => 00000000
  src: 80ff00ff, dst: 8000ff00, fix: 80 => 00000000
  src: 40ff00ff, dst: 4000ff00, fix: 40 => 00000000
  src: ff402040, dst: ff204020, fix: ff => 00000000
  src: 80402040, dst: 80204020, fix: 80 => 00000000
  src: 40402040, dst: 40204020, fix: 40 => 00000000
2100: (0 - Cd) * As + Cs
  src: ffff00ff, dst: ff00ff00, fix: ff => 00ff00ff
  src: 80ff00ff, dst: 8000ff00, fix: 80 => 00ff00ff
  src: 40ff00ff, dst: 4000ff00, fix: 40 => 00ff00ff
  src: ff402040, dst: ff204020, fix: ff => 00000000
  src: 80402040, dst: 80204020, fix: 80 => 00200020
  src: 40402040, dst: 40204020, fix: 40 => 00300030
2101: (0 - Cd) * As + Cd
  src: ffff00ff, dst: ff00ff00, fix: ff => 00000000
  src: 80ff00ff, dst: 8000ff00, fix: 80 => 00000000
  src: 40ff00ff, dst: 4000ff00, fix: 40 => 00007f00
  src: ff402040, dst: ff204020, fix: ff => 00000000
  src: 80402040, dst: 80204020, fix: 80 => 00000000
  src: 40402040, dst: 40204020, fix: 40 => 00102010
2102: (0 - Cd) * As + 0
  src: ffff00ff, dst: ff00ff00, fix: ff => 00000000
  src: 80ff00ff, dst: 8000ff00, fix: 80 => 00000000
  src: 40ff00ff, dst: 4000ff00, fix: 40 => 00000000
  src: ff402040, dst: ff204020, fix: ff => 00000000
  src: 80402040, dst: 80204020, fix: 80 => 00000000
  src: 40402040, dst: 40204020, fix: 40 => 00000000
2110: (0 - Cd) * Ad + Cs
  src: ffff00ff, dst: ff00ff00, fix: ff => 00ff00ff
  src: 80ff00ff, dst: 8000ff00, fix: 80 => 00ff00ff
  src: 40ff00ff, dst: 4000ff00, fix: 40 => 00ff00ff
  src: ff402040, dst: ff204020, fix: ff => 00000000
  src: 80402040, dst: 80204020, fix: 80 => 00200020
  src: 40402040, dst: 40204020, fix: 40 => 00300030
2111: (0 - Cd) * Ad + Cd
  src: ffff00ff, dst: ff00ff00, fix: ff => 00000000
  src: 80ff00ff, dst: 8000ff00, fix: 80 => 00000000
  src: 40ff00ff, dst: 4000ff00, fix: 40 => 00007f00
  src: ff402040, dst: ff204020, fix: ff => 00000000
  src: 80402040, dst: 80204020, fix: 80 => 00000000
  src: 40402040, dst: 40204020, fix: 40 => 00102010
2112: (0 - Cd) * Ad + 0
  src: ffff00ff, dst: ff00ff00, fix: ff => 00000000
  src: 80ff00ff, dst: 8000ff00, fix: 80 => 00000000
  src: 40ff00ff, dst: 4000ff00, fix: 40 => 00000000
  src: ff402040, dst: ff204020, fix: ff => 00000000
  src: 80402040, dst: 80204020, fix: 80 => 00000000
  src: 40402040, dst: 40204020, fix: 40 => 00000000
2120: (0 - Cd) * FIX + Cs
  src: ffff00ff, dst: ff00ff00, fix: ff => 00ff00ff
  src: 80ff00ff, dst: 8000ff00, fix: 80 => 00ff00ff
  src: 40ff00ff, dst: 4000ff00, fix: 40 => 00ff00ff
  src: ff402040, dst: ff204020, fix: ff => 00000000
  src: 80402040, dst: 80204020, fix: 80 => 00200020
  src: 40402040, dst: 40204020, fix: 40 => 00300030
2121: (0 - Cd) * FIX + Cd
  src: ffff00ff, dst: ff00ff00, fix: ff => 00000000
  src: 80ff00ff, dst: 8000ff00, fix: 80 => 00000000
  src: 40ff00ff, dst: 4000ff00, fix: 40 => 00007f00
  src: ff402040, dst: ff204020, fix: ff => 00000000
  src: 80402040, dst: 80204020, fix: 80 => 00000000
  src: 40402040, dst: 40204020, fix: 40 => 00102010
2122: (0 - Cd) * FIX + 0
  src: ffff00ff, dst: ff00ff00, fix: ff => 00000000
  src: 80ff00ff, dst: 8000ff00, fix: 80 => 00000000
  src: 40ff00ff, dst: 4000ff00, fix: 40 => 00000000
  src: ff402040, dst: ff204020, fix: ff => 00000000
  src: 80402040, dst: 80204020, fix: 80 => 00000000
  src: 40402040, dst: 40204020, fix: 40 => 00000000
2200: (0 - 0) * As + Cs
  src: ffff00ff, dst: ff00ff00, fix: ff => 00ff00ff
  src: 80ff00ff, dst: 8000ff00, fix: 80 => 00ff00ff
  src: 40ff00ff, dst: 4000ff00, fix: 40 => 00ff00ff
  src: ff402040, dst: ff204020, fix: ff => 00402040
  src: 80402040, dst: 80204020, fix: 80 => 00402040
  src: 40402040, dst: 40204020, fix: 40 => 00402040
2201: (0 - 0) * As + Cd
  src: ffff00ff, dst: ff00ff00, fix: ff => 0000ff00
  src: 80ff00ff, dst: 8000ff00, fix: 80 => 0000ff00
  src: 40ff00ff, dst: 4000ff00, fix: 40 => 0000ff00
  src: ff402040, dst: ff204020, fix: ff => 00204020
  src: 80402040, dst: 80204020, fix: 80 => 00204020
  src: 40402040, dst: 40204020, fix: 40 => 00204020
2202: (0 - 0) * As + 0
  src: ffff00ff, dst: ff00ff00, fix: ff => 00000000
  src: 80ff00ff, dst: 8000ff00, fix: 80 => 00000000
  src: 40ff00ff, dst: 4000ff00, fix: 40 => 00000000
  src: ff402040, dst: ff204020, fix: ff => 00000000
  src: 80402040, dst: 80204020, fix: 80 => 00000000
  src: 40402040, dst: 40204020, fix: 40 => 00000000
2210: (0 - 0) * Ad + Cs
  src: ffff00ff, dst: ff00ff00, fix: ff => 00ff00ff
  src: 80ff00ff, dst: 8000ff00, fix: 80 => 00ff00ff
  src: 40ff00ff, dst: 4000ff00, fix: 40 => 00ff00ff
  src: ff402040, dst: ff204020, fix: ff => 00402040
  src: 80402040, dst: 80204020, fix: 80 => 00402040
  src: 40402040, dst: 40204020, fix: 40 => 00402040
2211: (0 - 0) * Ad + Cd
  src: ffff00ff, dst: ff00ff00, fix: ff => 0000ff00
  src: 80ff00ff, dst: 8000ff00, fix: 80 => 0000ff00
  src: 40ff00ff, dst: 4000ff00, fix: 40 => 0000ff00
  src: ff402040, dst: ff204020, fix: ff => 00204020
  src: 80402040, dst: 80204020, fix: 80 => 00204020
  src: 40402040, dst: 40204020, fix: 40 => 00204020
2212: (0 - 0) * Ad + 0
  src: ffff00ff, dst: ff00ff00, fix: ff => 00000000
  src: 80ff00ff, dst: 8000ff00, fix: 80 => 00000000
  src: 40ff00ff, dst: 4000ff00, fix: 40 => 00000000
  src: ff402040, dst: ff204020, fix: ff => 00000000
  src: 80402040, dst: 80204020, fix: 80 => 00000000
  src: 40402040, dst: 40204020, fix: 40 => 00000000
2220: (0 - 0) * FIX + Cs
  src: ffff00ff, dst: ff00ff00, fix: ff => 00ff00ff
  src: 80ff00ff, dst: 8000ff00, fix: 80 => 00ff00ff
  src: 40ff00ff, dst: 4000ff00, fix: 40 => 00ff00ff
  src: ff402040, dst: ff204020, fix: ff => 00402040
  src: 80402040, dst: 80204020, fix: 80 => 00402040
  src: 40402040, dst: 40204020, fix: 40 => 00402040
2221: (0 - 0) * FIX + Cd
  src: ffff00ff, dst: ff00ff00, fix: ff => 0000ff00
  src: 80ff00ff, dst: 8000ff00, fix: 80 => 0000ff00
  src: 40ff00ff, dst: 4000ff00, fix: 40 => 0000ff00
  src: ff402040, dst: ff204020, fix: ff => 00204020
  src: 80402040, dst: 80204020, fix: 80 => 00204020
  src: 40402040, dst: 40204020, fix: 40 => 00204020
2222: (0 - 0) * FIX + 0
  src: ffff00ff, dst: ff00ff00, fix: ff => 00000000
  src: 80ff00ff, dst: 8000ff00, fix: 80 => 00000000
  src: 40ff00ff, dst: 4000ff00, fix: 40 => 00000000
  src: ff402040, dst: ff204020, fix: ff => 00000000
  src: 80402040, dst: 80204020, fix: 80 => 00000000
  src: 40402040, dst: 40204020, fix: 40 => 00000000
-- TEST END
